=== Intent routing ===
  schedule 3                                    -> SCHEDULE_LOOKUP      {'schedule_num': '3'}
  sehdule III                                   -> SCHEDULE_LOOKUP      {'schedule_num': '3'}
  sched 1                                       -> SCHEDULE_LOOKUP      {'schedule_num': '1'}
  SSO ki salary                                 -> JD_LOOKUP            {'job_title': 'System Support Officer', 'aspect': 'salary'}
  CTO ka role                                   -> JD_LOOKUP            {'job_title': 'Chief Technology Officer', 'aspect': 'role'}
  android developer qualification               -> JD_LOOKUP            {'job_title': 'Android Developer', 'aspect': 'qualification'}
  PERA mein section 5 kya hai                   -> ACT_SECTION          {'section_num': '5'}
  definition of PERA Act                        -> ACT_SECTION          {'keyword': 'definition', 'search_terms': ['section 2', 'definitions']}
  pera kia hai                                  -> PERA_DEFINITION      {'sub': 'what'}
  pera kb bani                                  -> PERA_DEFINITION      {'sub': 'when'}
  salma butt kon hai                            -> NAMED_PERSON         {}
  what is PERA                                  -> PERA_DEFINITION      {'sub': 'what'}
  Manager Development ka role kya hai           -> JD_LOOKUP            {'job_title': 'Manager (Development)', 'aspect': 'role'}

=== Registry answers ===
[Registry] intent=SCHEDULE_LOOKUP meta={'schedule_num': '3'}
  schedule 3: 1 claims, source=schedule_registry
    claim[0]: Schedule-III SPPP pay table
      quote: Schedule-III Special Pay Package PERA (SPPP) Summary
Sr. No. | SPPP | Minimum Pa...
[Registry] intent=JD_LOOKUP meta={'job_title': 'System Support Officer', 'aspect': 'salary'}
[Registry] Loaded 783 chunks
  SSO ki salary: 2 claims, source=jd_registry
    claim[0]: System Support Officer salary: SPPP-5 + any other benefit ad
      quote: Position Title: - Assistant Manager (Network)
Report To: - | Manager (Infrastruc...
    claim[1]: Schedule-III SPPP-5: min 90,219, max 200,219 PKR/month
      quote: SPPP-5 | Minimum: 90,219 PKR | Maximum: 200,219 PKR | Fuel: 100 Liters/Month...
[Registry] intent=PERA_DEFINITION meta={'sub': 'what'}
  pera kia hai: 1 claims, source=act_registry
    claim[0]: PERA is the Punjab Enforcement and Regulatory Authority
      quote: Annexure B (Bill as recommended by Standing Committee on Services and General Ad...
[Registry] intent=PERA_DEFINITION meta={'sub': 'when'}
  pera kb bani: 1 claims, source=act_registry
    claim[0]: PERA establishment/commencement information
      quote: GOVERNMENT OF THE PUNJAB PUNJAB ENFORCEMENT AND REGULATORY AUTHORITY Lahore, Dat...
[Registry] intent=JD_LOOKUP meta={'job_title': 'Chief Technology Officer', 'aspect': 'role'}
  CTO ka role kya hai: 1 claims, source=jd_registry
    claim[0]: Chief Technology Officer role and responsibilities
      quote: Schedule-II Terms and Reference for Contractual Employment Position Title: - Chi...
[Registry] intent=JD_LOOKUP meta={'job_title': 'Android Developer', 'aspect': 'qualification'}
  android developer qualification: 1 claims, source=jd_registry
    claim[0]: Android Developer qualification and experience
      quote: Position Title: - Android Developer
Report To: - | Manager Development
Wing: - |...
[Registry] intent=ACT_SECTION meta={'section_num': '5'}
  section 5: 2 claims, source=act_registry
    claim[0]: PERA Act section reference
      quote: Enforcement Stations, development of regulations, procurement, training, and oth...
    claim[1]: PERA Act section reference
      quote: (2) Upon receipt of such information as whistle -blower disclosure, either direc...
